mode: set
gitea-cicd.apps.aws2-dev.ocp.14west.io/cicd/servisbot-s3bucket-manager/pkg/validator/validate.go:13.59,17.27 4 1
gitea-cicd.apps.aws2-dev.ocp.14west.io/cicd/servisbot-s3bucket-manager/pkg/validator/validate.go:25.2,25.12 1 1
gitea-cicd.apps.aws2-dev.ocp.14west.io/cicd/servisbot-s3bucket-manager/pkg/validator/validate.go:17.27,18.15 1 1
gitea-cicd.apps.aws2-dev.ocp.14west.io/cicd/servisbot-s3bucket-manager/pkg/validator/validate.go:23.3,23.69 1 1
gitea-cicd.apps.aws2-dev.ocp.14west.io/cicd/servisbot-s3bucket-manager/pkg/validator/validate.go:18.15,21.4 2 1
gitea-cicd.apps.aws2-dev.ocp.14west.io/cicd/servisbot-s3bucket-manager/pkg/validator/validate.go:30.50,38.23 2 1
gitea-cicd.apps.aws2-dev.ocp.14west.io/cicd/servisbot-s3bucket-manager/pkg/validator/validate.go:43.2,43.12 1 1
gitea-cicd.apps.aws2-dev.ocp.14west.io/cicd/servisbot-s3bucket-manager/pkg/validator/validate.go:38.23,39.54 1 1
gitea-cicd.apps.aws2-dev.ocp.14west.io/cicd/servisbot-s3bucket-manager/pkg/validator/validate.go:39.54,41.4 1 1
gitea-cicd.apps.aws2-dev.ocp.14west.io/cicd/servisbot-s3bucket-manager/pkg/handlers/handlers.go:30.88,40.19 6 1
gitea-cicd.apps.aws2-dev.ocp.14west.io/cicd/servisbot-s3bucket-manager/pkg/handlers/handlers.go:43.2,44.16 2 1
gitea-cicd.apps.aws2-dev.ocp.14west.io/cicd/servisbot-s3bucket-manager/pkg/handlers/handlers.go:51.2,55.17 3 1
gitea-cicd.apps.aws2-dev.ocp.14west.io/cicd/servisbot-s3bucket-manager/pkg/handlers/handlers.go:64.2,65.16 2 1
gitea-cicd.apps.aws2-dev.ocp.14west.io/cicd/servisbot-s3bucket-manager/pkg/handlers/handlers.go:73.2,76.63 2 1
gitea-cicd.apps.aws2-dev.ocp.14west.io/cicd/servisbot-s3bucket-manager/pkg/handlers/handlers.go:82.2,83.16 2 1
gitea-cicd.apps.aws2-dev.ocp.14west.io/cicd/servisbot-s3bucket-manager/pkg/handlers/handlers.go:87.2,87.37 1 1
gitea-cicd.apps.aws2-dev.ocp.14west.io/cicd/servisbot-s3bucket-manager/pkg/handlers/handlers.go:91.2,96.8 6 1
gitea-cicd.apps.aws2-dev.ocp.14west.io/cicd/servisbot-s3bucket-manager/pkg/handlers/handlers.go:40.19,42.3 1 0
gitea-cicd.apps.aws2-dev.ocp.14west.io/cicd/servisbot-s3bucket-manager/pkg/handlers/handlers.go:44.16,49.3 4 1
gitea-cicd.apps.aws2-dev.ocp.14west.io/cicd/servisbot-s3bucket-manager/pkg/handlers/handlers.go:55.17,61.3 5 1
gitea-cicd.apps.aws2-dev.ocp.14west.io/cicd/servisbot-s3bucket-manager/pkg/handlers/handlers.go:65.16,71.3 5 1
gitea-cicd.apps.aws2-dev.ocp.14west.io/cicd/servisbot-s3bucket-manager/pkg/handlers/handlers.go:76.63,78.3 1 1
gitea-cicd.apps.aws2-dev.ocp.14west.io/cicd/servisbot-s3bucket-manager/pkg/handlers/handlers.go:78.8,80.3 1 0
gitea-cicd.apps.aws2-dev.ocp.14west.io/cicd/servisbot-s3bucket-manager/pkg/handlers/handlers.go:83.16,85.3 1 0
gitea-cicd.apps.aws2-dev.ocp.14west.io/cicd/servisbot-s3bucket-manager/pkg/handlers/handlers.go:87.37,90.3 2 1
gitea-cicd.apps.aws2-dev.ocp.14west.io/cicd/servisbot-s3bucket-manager/pkg/handlers/handlers.go:100.89,110.19 5 1
gitea-cicd.apps.aws2-dev.ocp.14west.io/cicd/servisbot-s3bucket-manager/pkg/handlers/handlers.go:113.2,114.16 2 1
gitea-cicd.apps.aws2-dev.ocp.14west.io/cicd/servisbot-s3bucket-manager/pkg/handlers/handlers.go:121.2,125.17 3 1
gitea-cicd.apps.aws2-dev.ocp.14west.io/cicd/servisbot-s3bucket-manager/pkg/handlers/handlers.go:134.2,135.16 2 1
gitea-cicd.apps.aws2-dev.ocp.14west.io/cicd/servisbot-s3bucket-manager/pkg/handlers/handlers.go:143.2,146.14 4 1
gitea-cicd.apps.aws2-dev.ocp.14west.io/cicd/servisbot-s3bucket-manager/pkg/handlers/handlers.go:154.2,159.8 6 1
gitea-cicd.apps.aws2-dev.ocp.14west.io/cicd/servisbot-s3bucket-manager/pkg/handlers/handlers.go:110.19,112.3 1 0
gitea-cicd.apps.aws2-dev.ocp.14west.io/cicd/servisbot-s3bucket-manager/pkg/handlers/handlers.go:114.16,119.3 4 1
gitea-cicd.apps.aws2-dev.ocp.14west.io/cicd/servisbot-s3bucket-manager/pkg/handlers/handlers.go:125.17,131.3 5 1
gitea-cicd.apps.aws2-dev.ocp.14west.io/cicd/servisbot-s3bucket-manager/pkg/handlers/handlers.go:135.16,141.3 5 1
gitea-cicd.apps.aws2-dev.ocp.14west.io/cicd/servisbot-s3bucket-manager/pkg/handlers/handlers.go:146.14,152.3 5 1
gitea-cicd.apps.aws2-dev.ocp.14west.io/cicd/servisbot-s3bucket-manager/pkg/handlers/handlers.go:163.90,176.19 7 1
gitea-cicd.apps.aws2-dev.ocp.14west.io/cicd/servisbot-s3bucket-manager/pkg/handlers/handlers.go:179.2,180.16 2 1
gitea-cicd.apps.aws2-dev.ocp.14west.io/cicd/servisbot-s3bucket-manager/pkg/handlers/handlers.go:187.2,191.17 3 1
gitea-cicd.apps.aws2-dev.ocp.14west.io/cicd/servisbot-s3bucket-manager/pkg/handlers/handlers.go:200.2,201.16 2 1
gitea-cicd.apps.aws2-dev.ocp.14west.io/cicd/servisbot-s3bucket-manager/pkg/handlers/handlers.go:210.2,211.29 2 1
gitea-cicd.apps.aws2-dev.ocp.14west.io/cicd/servisbot-s3bucket-manager/pkg/handlers/handlers.go:240.2,243.8 4 1
gitea-cicd.apps.aws2-dev.ocp.14west.io/cicd/servisbot-s3bucket-manager/pkg/handlers/handlers.go:176.19,178.3 1 0
gitea-cicd.apps.aws2-dev.ocp.14west.io/cicd/servisbot-s3bucket-manager/pkg/handlers/handlers.go:180.16,185.3 4 1
gitea-cicd.apps.aws2-dev.ocp.14west.io/cicd/servisbot-s3bucket-manager/pkg/handlers/handlers.go:191.17,197.3 5 1
gitea-cicd.apps.aws2-dev.ocp.14west.io/cicd/servisbot-s3bucket-manager/pkg/handlers/handlers.go:201.16,207.3 5 1
gitea-cicd.apps.aws2-dev.ocp.14west.io/cicd/servisbot-s3bucket-manager/pkg/handlers/handlers.go:211.29,214.16 3 1
gitea-cicd.apps.aws2-dev.ocp.14west.io/cicd/servisbot-s3bucket-manager/pkg/handlers/handlers.go:222.3,224.145 3 1
gitea-cicd.apps.aws2-dev.ocp.14west.io/cicd/servisbot-s3bucket-manager/pkg/handlers/handlers.go:214.16,220.4 5 0
gitea-cicd.apps.aws2-dev.ocp.14west.io/cicd/servisbot-s3bucket-manager/pkg/handlers/handlers.go:225.8,229.15 3 1
gitea-cicd.apps.aws2-dev.ocp.14west.io/cicd/servisbot-s3bucket-manager/pkg/handlers/handlers.go:236.3,237.130 2 1
gitea-cicd.apps.aws2-dev.ocp.14west.io/cicd/servisbot-s3bucket-manager/pkg/handlers/handlers.go:229.15,235.4 5 1
gitea-cicd.apps.aws2-dev.ocp.14west.io/cicd/servisbot-s3bucket-manager/pkg/handlers/handlers.go:246.54,251.2 3 1
gitea-cicd.apps.aws2-dev.ocp.14west.io/cicd/servisbot-s3bucket-manager/pkg/handlers/handlers.go:254.57,255.35 1 1
gitea-cicd.apps.aws2-dev.ocp.14west.io/cicd/servisbot-s3bucket-manager/pkg/handlers/handlers.go:258.2,262.151 4 1
gitea-cicd.apps.aws2-dev.ocp.14west.io/cicd/servisbot-s3bucket-manager/pkg/handlers/handlers.go:255.35,257.3 1 0
gitea-cicd.apps.aws2-dev.ocp.14west.io/cicd/servisbot-s3bucket-manager/pkg/handlers/handlers.go:266.98,272.2 5 1
gitea-cicd.apps.aws2-dev.ocp.14west.io/cicd/servisbot-s3bucket-manager/pkg/handlers/handlers.go:275.67,278.20 2 1
gitea-cicd.apps.aws2-dev.ocp.14west.io/cicd/servisbot-s3bucket-manager/pkg/handlers/handlers.go:282.2,282.80 1 1
gitea-cicd.apps.aws2-dev.ocp.14west.io/cicd/servisbot-s3bucket-manager/pkg/handlers/handlers.go:289.2,289.16 1 1
gitea-cicd.apps.aws2-dev.ocp.14west.io/cicd/servisbot-s3bucket-manager/pkg/handlers/handlers.go:293.2,293.67 1 1
gitea-cicd.apps.aws2-dev.ocp.14west.io/cicd/servisbot-s3bucket-manager/pkg/handlers/handlers.go:302.2,302.50 1 0
gitea-cicd.apps.aws2-dev.ocp.14west.io/cicd/servisbot-s3bucket-manager/pkg/handlers/handlers.go:278.20,280.3 1 0
gitea-cicd.apps.aws2-dev.ocp.14west.io/cicd/servisbot-s3bucket-manager/pkg/handlers/handlers.go:282.80,283.58 1 1
gitea-cicd.apps.aws2-dev.ocp.14west.io/cicd/servisbot-s3bucket-manager/pkg/handlers/handlers.go:286.3,286.49 1 1
gitea-cicd.apps.aws2-dev.ocp.14west.io/cicd/servisbot-s3bucket-manager/pkg/handlers/handlers.go:283.58,285.4 1 0
gitea-cicd.apps.aws2-dev.ocp.14west.io/cicd/servisbot-s3bucket-manager/pkg/handlers/handlers.go:289.16,291.3 1 1
gitea-cicd.apps.aws2-dev.ocp.14west.io/cicd/servisbot-s3bucket-manager/pkg/handlers/handlers.go:293.67,294.63 1 1
gitea-cicd.apps.aws2-dev.ocp.14west.io/cicd/servisbot-s3bucket-manager/pkg/handlers/handlers.go:297.3,300.20 4 1
gitea-cicd.apps.aws2-dev.ocp.14west.io/cicd/servisbot-s3bucket-manager/pkg/handlers/handlers.go:294.63,296.4 1 0
